producer_class	xtools.gsea.Gsea
producer_timestamp	1543947877332
param	collapse	false
param	cls	C:\Users\sweat\Documents\BCBX546_Final_project\H2O_young_old.cls.txt#young_versus_old
param	plot_top_x	20
param	norm	meandiv
param	save_rnd_lists	false
param	median	false
param	num	100
param	scoring_scheme	weighted
param	make_sets	true
param	mode	Max_probe
param	gmx	C:\Users\sweat\Documents\BCBX546_Final_project\Kegg_pathway_all_Kerui.gmt.txt
param	gui	false
param	metric	Signal2Noise
param	rpt_label	my_analysis
param	help	false
param	order	descending
param	out	C:\Users\sweat\gsea_home\output\dec04
param	create_svgs	false
param	permute	gene_set
param	rnd_type	no_balance
param	set_min	15
param	include_only_symbols	true
param	sort	real
param	create_gcts	false
param	rnd_seed	timestamp
param	nperm	1000
param	zip_report	false
param	set_max	500
param	res	C:\Users\sweat\Documents\BCBX546_Final_project\H2O_young_old_expression.gct.txt

file	C:\Users\sweat\gsea_home\output\dec04\my_analysis.Gsea.1543947877332\index.html
